---
source: libs/stringtable/tests/gh882.rs
expression: stringtable
---
Project {
    name: "test",
    packages: [
        Package {
            name: "test",
            keys: [
                Key {
                    id: "Comments be gone!",
                    original: Some(
                        "I leave this for later",
                    ),
                    english: Some(
                        "I leave this for later",
                    ),
                    czech: None,
                    french: None,
                    spanish: None,
                    italian: None,
                    polish: None,
                    portuguese: None,
                    russian: None,
                    german: None,
                    korean: None,
                    japanese: None,
                    chinese: None,
                    chinesesimp: None,
                    turkish: None,
                    swedish: None,
                    slovak: None,
                    serbocroatian: None,
                    norwegian: None,
                    icelandic: None,
                    hungarian: None,
                    greek: None,
                    finnish: None,
                    dutch: None,
                },
                Key {
                    id: "I will be empty",
                    original: Some(
                        "hey",
                    ),
                    english: Some(
                        "hey",
                    ),
                    czech: None,
                    french: None,
                    spanish: None,
                    italian: None,
                    polish: None,
                    portuguese: None,
                    russian: Some(
                        "hey",
                    ),
                    german: Some(
                        "hey",
                    ),
                    korean: None,
                    japanese: None,
                    chinese: None,
                    chinesesimp: None,
                    turkish: None,
                    swedish: None,
                    slovak: None,
                    serbocroatian: None,
                    norwegian: None,
                    icelandic: None,
                    hungarian: None,
                    greek: None,
                    finnish: None,
                    dutch: None,
                },
                Key {
                    id: "I will change the xml structure a little",
                    original: Some(
                        "",
                    ),
                    english: Some(
                        "",
                    ),
                    czech: Some(
                        "",
                    ),
                    french: Some(
                        "",
                    ),
                    spanish: None,
                    italian: None,
                    polish: None,
                    portuguese: None,
                    russian: None,
                    german: None,
                    korean: None,
                    japanese: None,
                    chinese: None,
                    chinesesimp: None,
                    turkish: None,
                    swedish: None,
                    slovak: None,
                    serbocroatian: None,
                    norwegian: None,
                    icelandic: None,
                    hungarian: None,
                    greek: None,
                    finnish: None,
                    dutch: None,
                },
                Key {
                    id: "My things get unescaped",
                    original: Some(
                        "&quot;&apos;",
                    ),
                    english: Some(
                        "&quot;&apos;",
                    ),
                    czech: None,
                    french: None,
                    spanish: Some(
                        "\"Hello World\"",
                    ),
                    italian: None,
                    polish: None,
                    portuguese: None,
                    russian: Some(
                        "&quot;&apos;",
                    ),
                    german: Some(
                        "&quot;&apos;",
                    ),
                    korean: None,
                    japanese: None,
                    chinese: None,
                    chinesesimp: None,
                    turkish: None,
                    swedish: None,
                    slovak: None,
                    serbocroatian: None,
                    norwegian: None,
                    icelandic: None,
                    hungarian: None,
                    greek: None,
                    finnish: None,
                    dutch: None,
                },
            ],
            containers: [],
        },
    ],
    meta_comments: [
        (
            "<!--\n        <Key ID=\"new entry used in future release, not yet used\">\n            <Original>The future</Original>\n            <English>The future</English>\n        </Key>\n        -->",
            "</Package>",
            None,
        ),
        (
            "<!-- <German>I am totally a correct translated entry waiting for approval!</German> -->\n            <!-- <Russian></Russian> -->\n            <!-- <Polish></Polish> -->",
            "</Key>",
            Some(
                "<Key ID=\"Comments be gone!\">",
            ),
        ),
        (
            "<!-- The I copy paste this part of my language entry thing -->",
            "<Key ID=\"I will change the xml structure a little\">",
            None,
        ),
        (
            "<!-- a maybe more legitimate use of a comment which gets removed -->",
            "<Key ID=\"Comments be gone!\">",
            None,
        ),
    ],
}
