---
source: libs/config/tests/lints.rs
expression: lint(stringify! (c16_file_missing)).0
---
[0m[1m[38;5;11mwarning[L-C16][0m[1m: File Missing[0m
  [0m[36m┌─[0m c16_file_missing.hpp:5:10
  [0m[36m│[0m
[0m[36m5[0m [0m[36m│[0m test5 = "[0m[33m\abe\actuallymissing.paa[0m";
  [0m[36m│[0m          [0m[33m^^^^^^^^^^^^^^^^^^^^^^^^[0m [0m[33mmissing[0m
  [0m[36m│[0m
  [0m[36m=[0m [36mnote[0m: file '\abe\actuallymissing.paa' was not found in project


[0m[1m[38;5;11mwarning[L-C16][0m[1m: File Missing[0m
  [0m[36m┌─[0m c16_file_missing.hpp:6:22
  [0m[36m│[0m
[0m[36m6[0m [0m[36m│[0m test6[] = {"blah", {"[0m[33m\abe\missingInArray.paa[0m", {}}};
  [0m[36m│[0m                      [0m[33m^^^^^^^^^^^^^^^^^^^^^^^[0m [0m[33mmissing[0m
  [0m[36m│[0m
  [0m[36m=[0m [36mnote[0m: file '\abe\missingInArray.paa' was not found in project
