---
source: libs/config/tests/lints.rs
expression: "lint(stringify! (c18_cfgpatches_duplicate_class), Some(\"L-C18\")).0"
---
[0m[1m[38;5;11mwarning[L-C18][0m[1m: class is duplicated: unit_a[0m
  [0m[36m┌─[0m c18_cfgpatches_duplicate_class.hpp:6:13
  [0m[36m│[0m
[0m[36m4[0m [0m[36m│[0m             "Unit_A",
  [0m[36m│[0m             [0m[36m--------[0m [0m[36mfirst class here[0m
[0m[36m5[0m [0m[36m│[0m             "Unit_B",
[0m[36m6[0m [0m[36m│[0m             [0m[33m"Unit_A"[0m
  [0m[36m│[0m             [0m[33m^^^^^^^^[0m [0m[33mduplicate class[0m


[0m[1m[38;5;11mwarning[L-C18][0m[1m: class is duplicated: weapon_a[0m
   [0m[36m┌─[0m c18_cfgpatches_duplicate_class.hpp:11:13
   [0m[36m│[0m
[0m[36m 9[0m [0m[36m│[0m             "Weapon_A",
   [0m[36m│[0m             [0m[36m----------[0m [0m[36mfirst class here[0m
[0m[36m10[0m [0m[36m│[0m             "Weapon_B",
[0m[36m11[0m [0m[36m│[0m             [0m[33m"Weapon_A"[0m
   [0m[36m│[0m             [0m[33m^^^^^^^^^^[0m [0m[33mduplicate class[0m
