---
source: libs/config/tests/lints.rs
expression: lint(stringify! (c11_file_type))
---
[0m[1m[38;5;11mwarning[L-C11ME][0m[1m: a property that references a file is missing a file extension[0m
  [0m[36m┌─[0m c11_file_type.hpp:4:20
  [0m[36m│[0m
[0m[36m4[0m [0m[36m│[0m         uimodel = "[0m[33mx\mod\test_no_path[0m";
  [0m[36m│[0m                    [0m[33m^^^^^^^^^^^^^^^^^^[0m [0m[33mmissing file extension[0m


[0m[1m[38;5;11mwarning[L-C11UE][0m[1m: a property that references a file has an unusual file type[0m
  [0m[36m┌─[0m c11_file_type.hpp:5:37
  [0m[36m│[0m
[0m[36m5[0m [0m[36m│[0m         editorPreview = "x\mod\test.[0m[33mjgp[0m";
  [0m[36m│[0m                                     [0m[33m^^^[0m [0m[33munusual file type[0m
  [0m[36m│[0m
  [0m[36m=[0m [36mnote[0m: expected file type jpg


[0m[1m[38;5;11mwarning[L-C11UE][0m[1m: a property that references a file has an unusual file type[0m
  [0m[36m┌─[0m c11_file_type.hpp:6:75
  [0m[36m│[0m
[0m[36m6[0m [0m[36m│[0m         wounds[] = {"x\mod\would1.pac", "x\mod\wound2.paa", "x\mod\wound3.[0m[33mpng[0m"};
  [0m[36m│[0m                                                                           [0m[33m^^^[0m [0m[33munusual file type[0m
  [0m[36m│[0m
  [0m[36m=[0m [36mnote[0m: expected file type paa
