---
source: libs/config/tests/rapify.rs
expression: config
---
Config(
    [
        Spanned {
            inner: Entry {
                name: Spanned {
                    inner: Ident(
                        "multiline",
                    ),
                    span: 0..0,
                },
                value: Spanned {
                    inner: Str(
                        Str(
                            "why\nis\nthis\na\nthing",
                        ),
                    ),
                    span: 0..0,
                },
                expected_array: false,
            },
            span: 0..0,
        },
        Spanned {
            inner: Entry {
                name: Spanned {
                    inner: Ident(
                        "singleline",
                    ),
                    span: 0..0,
                },
                value: Spanned {
                    inner: Str(
                        Str(
                            "why\\nis\\nthis\\na\\nthing",
                        ),
                    ),
                    span: 0..0,
                },
                expected_array: false,
            },
            span: 0..0,
        },
    ],
)
