---
source: libs/config/tests/rapify.rs
expression: rapify(stringify! (ace_main))
---
Config(
    [
        Class(
            Local {
                name: Ident {
                    value: "CfgPatches",
                    span: 19..30,
                },
                parent: None,
                properties: [
                    Class(
                        Local {
                            name: Ident {
                                value: "ace_main",
                                span: 145..154,
                            },
                            parent: None,
                            properties: [
                                Entry {
                                    name: Ident {
                                        value: "name",
                                        span: 181..186,
                                    },
                                    value: Str(
                                        Str {
                                            value: "ACE3 - main",
                                            span: 186..198,
                                        },
                                    ),
                                    expected_array: false,
                                },
                                Entry {
                                    name: Ident {
                                        value: "units",
                                        span: 199..205,
                                    },
                                    value: Array(
                                        Array {
                                            expand: false,
                                            items: [],
                                            span: 205..206,
                                        },
                                    ),
                                    expected_array: true,
                                },
                                Entry {
                                    name: Ident {
                                        value: "weapons",
                                        span: 207..215,
                                    },
                                    value: Array(
                                        Array {
                                            expand: false,
                                            items: [],
                                            span: 215..216,
                                        },
                                    ),
                                    expected_array: true,
                                },
                                Entry {
                                    name: Ident {
                                        value: "requiredVersion",
                                        span: 218..234,
                                    },
                                    value: Number(
                                        Float32 {
                                            value: 2.1,
                                            span: 0..4,
                                        },
                                    ),
                                    expected_array: false,
                                },
                                Entry {
                                    name: Ident {
                                        value: "requiredAddons",
                                        span: 239..254,
                                    },
                                    value: Array(
                                        Array {
                                            expand: false,
                                            items: [
                                                Str(
                                                    Str {
                                                        value: "cba_main",
                                                        span: 256..265,
                                                    },
                                                ),
                                            ],
                                            span: 254..265,
                                        },
                                    ),
                                    expected_array: true,
                                },
                                Entry {
                                    name: Ident {
                                        value: "author",
                                        span: 267..274,
                                    },
                                    value: Str(
                                        Str {
                                            value: "$STR_ace_common_ACETeam",
                                            span: 274..298,
                                        },
                                    ),
                                    expected_array: false,
                                },
                                Entry {
                                    name: Ident {
                                        value: "url",
                                        span: 300..304,
                                    },
                                    value: Str(
                                        Str {
                                            value: "$STR_ace_main_URL",
                                            span: 304..322,
                                        },
                                    ),
                                    expected_array: false,
                                },
                                Entry {
                                    name: Ident {
                                        value: "version",
                                        span: 324..332,
                                    },
                                    value: Number(
                                        Float32 {
                                            value: 3.15,
                                            span: 0..4,
                                        },
                                    ),
                                    expected_array: false,
                                },
                                Entry {
                                    name: Ident {
                                        value: "versionStr",
                                        span: 338..349,
                                    },
                                    value: Str(
                                        Str {
                                            value: "3.15.2.69",
                                            span: 349..359,
                                        },
                                    ),
                                    expected_array: false,
                                },
                                Entry {
                                    name: Ident {
                                        value: "versionAr",
                                        span: 360..370,
                                    },
                                    value: Array(
                                        Array {
                                            expand: false,
                                            items: [
                                                Number(
                                                    Int32 {
                                                        value: 3,
                                                        span: 0..4,
                                                    },
                                                ),
                                                Number(
                                                    Int32 {
                                                        value: 15,
                                                        span: 0..4,
                                                    },
                                                ),
                                                Number(
                                                    Int32 {
                                                        value: 2,
                                                        span: 0..4,
                                                    },
                                                ),
                                                Number(
                                                    Int32 {
                                                        value: 69,
                                                        span: 0..4,
                                                    },
                                                ),
                                            ],
                                            span: 370..391,
                                        },
                                    ),
                                    expected_array: true,
                                },
                            ],
                            err_missing_braces: false,
                        },
                    ),
                    Class(
                        Local {
                            name: Ident {
                                value: "acex_main",
                                span: 159..169,
                            },
                            parent: Some(
                                Ident {
                                    value: "ace_main",
                                    span: 395..404,
                                },
                            ),
                            properties: [
                                Entry {
                                    name: Ident {
                                        value: "units",
                                        span: 406..412,
                                    },
                                    value: Array(
                                        Array {
                                            expand: false,
                                            items: [],
                                            span: 412..413,
                                        },
                                    ),
                                    expected_array: true,
                                },
                                Entry {
                                    name: Ident {
                                        value: "weapons",
                                        span: 414..422,
                                    },
                                    value: Array(
                                        Array {
                                            expand: false,
                                            items: [],
                                            span: 422..423,
                                        },
                                    ),
                                    expected_array: true,
                                },
                            ],
                            err_missing_braces: false,
                        },
                    ),
                ],
                err_missing_braces: false,
            },
        ),
        Class(
            Local {
                name: Ident {
                    value: "CfgMods",
                    span: 35..43,
                },
                parent: None,
                properties: [
                    Class(
                        Local {
                            name: Ident {
                                value: "ace",
                                span: 430..434,
                            },
                            parent: None,
                            properties: [
                                Entry {
                                    name: Ident {
                                        value: "dir",
                                        span: 446..450,
                                    },
                                    value: Str(
                                        Str {
                                            value: "@ace",
                                            span: 450..455,
                                        },
                                    ),
                                    expected_array: false,
                                },
                                Entry {
                                    name: Ident {
                                        value: "name",
                                        span: 457..462,
                                    },
                                    value: Str(
                                        Str {
                                            value: "Advanced Combat Environment 3",
                                            span: 462..492,
                                        },
                                    ),
                                    expected_array: false,
                                },
                                Entry {
                                    name: Ident {
                                        value: "picture",
                                        span: 494..502,
                                    },
                                    value: Str(
                                        Str {
                                            value: "A3\\Ui_f\\data\\Logos\\arma3_expansion_alpha_ca",
                                            span: 502..546,
                                        },
                                    ),
                                    expected_array: false,
                                },
                                Entry {
                                    name: Ident {
                                        value: "hidePicture",
                                        span: 548..560,
                                    },
                                    value: Str(
                                        Str {
                                            value: "true",
                                            span: 560..565,
                                        },
                                    ),
                                    expected_array: false,
                                },
                                Entry {
                                    name: Ident {
                                        value: "hideName",
                                        span: 567..576,
                                    },
                                    value: Str(
                                        Str {
                                            value: "true",
                                            span: 576..581,
                                        },
                                    ),
                                    expected_array: false,
                                },
                                Entry {
                                    name: Ident {
                                        value: "actionName",
                                        span: 583..594,
                                    },
                                    value: Str(
                                        Str {
                                            value: "Website",
                                            span: 594..602,
                                        },
                                    ),
                                    expected_array: false,
                                },
                                Entry {
                                    name: Ident {
                                        value: "action",
                                        span: 604..611,
                                    },
                                    value: Str(
                                        Str {
                                            value: "$STR_ace_main_URL",
                                            span: 611..629,
                                        },
                                    ),
                                    expected_array: false,
                                },
                                Entry {
                                    name: Ident {
                                        value: "description",
                                        span: 631..643,
                                    },
                                    value: Str(
                                        Str {
                                            value: "Issue Tracker: https://github.com/acemod/ACE3/issues",
                                            span: 643..696,
                                        },
                                    ),
                                    expected_array: false,
                                },
                            ],
                            err_missing_braces: false,
                        },
                    ),
                ],
                err_missing_braces: false,
            },
        ),
        Class(
            Local {
                name: Ident {
                    value: "CfgSettings",
                    span: 48..60,
                },
                parent: None,
                properties: [
                    Class(
                        Local {
                            name: Ident {
                                value: "CBA",
                                span: 703..707,
                            },
                            parent: None,
                            properties: [
                                Class(
                                    Local {
                                        name: Ident {
                                            value: "Versioning",
                                            span: 718..729,
                                        },
                                        parent: None,
                                        properties: [
                                            Class(
                                                Local {
                                                    name: Ident {
                                                        value: "ACE",
                                                        span: 740..744,
                                                    },
                                                    parent: None,
                                                    properties: [
                                                        Class(
                                                            Local {
                                                                name: Ident {
                                                                    value: "dependencies",
                                                                    span: 755..768,
                                                                },
                                                                parent: None,
                                                                properties: [
                                                                    Entry {
                                                                        name: Ident {
                                                                            value: "CBA",
                                                                            span: 779..783,
                                                                        },
                                                                        value: Array(
                                                                            Array {
                                                                                expand: false,
                                                                                items: [
                                                                                    Str(
                                                                                        Str {
                                                                                            value: "cba_main",
                                                                                            span: 785..794,
                                                                                        },
                                                                                    ),
                                                                                    Array(
                                                                                        [
                                                                                            Number(
                                                                                                Int32 {
                                                                                                    value: 3,
                                                                                                    span: 0..4,
                                                                                                },
                                                                                            ),
                                                                                            Number(
                                                                                                Int32 {
                                                                                                    value: 15,
                                                                                                    span: 0..4,
                                                                                                },
                                                                                            ),
                                                                                            Number(
                                                                                                Int32 {
                                                                                                    value: 7,
                                                                                                    span: 0..4,
                                                                                                },
                                                                                            ),
                                                                                        ],
                                                                                    ),
                                                                                    Str(
                                                                                        Str {
                                                                                            value: "(true)",
                                                                                            span: 812..819,
                                                                                        },
                                                                                    ),
                                                                                ],
                                                                                span: 783..819,
                                                                            },
                                                                        ),
                                                                        expected_array: true,
                                                                    },
                                                                    Entry {
                                                                        name: Ident {
                                                                            value: "compat_rhs_afrf3",
                                                                            span: 820..837,
                                                                        },
                                                                        value: Array(
                                                                            Array {
                                                                                expand: false,
                                                                                items: [
                                                                                    Str(
                                                                                        Str {
                                                                                            value: "ace_compat_rhs_afrf3",
                                                                                            span: 839..860,
                                                                                        },
                                                                                    ),
                                                                                    Array(
                                                                                        [
                                                                                            Number(
                                                                                                Int32 {
                                                                                                    value: 3,
                                                                                                    span: 0..4,
                                                                                                },
                                                                                            ),
                                                                                            Number(
                                                                                                Int32 {
                                                                                                    value: 15,
                                                                                                    span: 0..4,
                                                                                                },
                                                                                            ),
                                                                                            Number(
                                                                                                Int32 {
                                                                                                    value: 2,
                                                                                                    span: 0..4,
                                                                                                },
                                                                                            ),
                                                                                            Number(
                                                                                                Int32 {
                                                                                                    value: 69,
                                                                                                    span: 0..4,
                                                                                                },
                                                                                            ),
                                                                                        ],
                                                                                    ),
                                                                                    Str(
                                                                                        Str {
                                                                                            value: "isClass (configFile >> 'CfgPatches' >> 'rhs_main')",
                                                                                            span: 883..934,
                                                                                        },
                                                                                    ),
                                                                                ],
                                                                                span: 837..934,
                                                                            },
                                                                        ),
                                                                        expected_array: true,
                                                                    },
                                                                    Entry {
                                                                        name: Ident {
                                                                            value: "compat_rhs_usf3",
                                                                            span: 935..951,
                                                                        },
                                                                        value: Array(
                                                                            Array {
                                                                                expand: false,
                                                                                items: [
                                                                                    Str(
                                                                                        Str {
                                                                                            value: "ace_compat_rhs_usf3",
                                                                                            span: 953..973,
                                                                                        },
                                                                                    ),
                                                                                    Array(
                                                                                        [
                                                                                            Number(
                                                                                                Int32 {
                                                                                                    value: 3,
                                                                                                    span: 0..4,
                                                                                                },
                                                                                            ),
                                                                                            Number(
                                                                                                Int32 {
                                                                                                    value: 15,
                                                                                                    span: 0..4,
                                                                                                },
                                                                                            ),
                                                                                            Number(
                                                                                                Int32 {
                                                                                                    value: 2,
                                                                                                    span: 0..4,
                                                                                                },
                                                                                            ),
                                                                                            Number(
                                                                                                Int32 {
                                                                                                    value: 69,
                                                                                                    span: 0..4,
                                                                                                },
                                                                                            ),
                                                                                        ],
                                                                                    ),
                                                                                    Str(
                                                                                        Str {
                                                                                            value: "isClass (configFile >> 'CfgPatches' >> 'rhsusf_main')",
                                                                                            span: 996..1050,
                                                                                        },
                                                                                    ),
                                                                                ],
                                                                                span: 951..1050,
                                                                            },
                                                                        ),
                                                                        expected_array: true,
                                                                    },
                                                                    Entry {
                                                                        name: Ident {
                                                                            value: "compat_rhs_gref3",
                                                                            span: 1051..1068,
                                                                        },
                                                                        value: Array(
                                                                            Array {
                                                                                expand: false,
                                                                                items: [
                                                                                    Str(
                                                                                        Str {
                                                                                            value: "ace_compat_rhs_gref3",
                                                                                            span: 1070..1091,
                                                                                        },
                                                                                    ),
                                                                                    Array(
                                                                                        [
                                                                                            Number(
                                                                                                Int32 {
                                                                                                    value: 3,
                                                                                                    span: 0..4,
                                                                                                },
                                                                                            ),
                                                                                            Number(
                                                                                                Int32 {
                                                                                                    value: 15,
                                                                                                    span: 0..4,
                                                                                                },
                                                                                            ),
                                                                                            Number(
                                                                                                Int32 {
                                                                                                    value: 2,
                                                                                                    span: 0..4,
                                                                                                },
                                                                                            ),
                                                                                            Number(
                                                                                                Int32 {
                                                                                                    value: 69,
                                                                                                    span: 0..4,
                                                                                                },
                                                                                            ),
                                                                                        ],
                                                                                    ),
                                                                                    Str(
                                                                                        Str {
                                                                                            value: "isClass (configFile >> 'CfgPatches' >> 'rhsgref_main')",
                                                                                            span: 1114..1169,
                                                                                        },
                                                                                    ),
                                                                                ],
                                                                                span: 1068..1169,
                                                                            },
                                                                        ),
                                                                        expected_array: true,
                                                                    },
                                                                    Entry {
                                                                        name: Ident {
                                                                            value: "compat_rhs_saf3",
                                                                            span: 1170..1186,
                                                                        },
                                                                        value: Array(
                                                                            Array {
                                                                                expand: false,
                                                                                items: [
                                                                                    Str(
                                                                                        Str {
                                                                                            value: "ace_compat_rhs_saf3",
                                                                                            span: 1188..1208,
                                                                                        },
                                                                                    ),
                                                                                    Array(
                                                                                        [
                                                                                            Number(
                                                                                                Int32 {
                                                                                                    value: 3,
                                                                                                    span: 0..4,
                                                                                                },
                                                                                            ),
                                                                                            Number(
                                                                                                Int32 {
                                                                                                    value: 15,
                                                                                                    span: 0..4,
                                                                                                },
                                                                                            ),
                                                                                            Number(
                                                                                                Int32 {
                                                                                                    value: 2,
                                                                                                    span: 0..4,
                                                                                                },
                                                                                            ),
                                                                                            Number(
                                                                                                Int32 {
                                                                                                    value: 69,
                                                                                                    span: 0..4,
                                                                                                },
                                                                                            ),
                                                                                        ],
                                                                                    ),
                                                                                    Str(
                                                                                        Str {
                                                                                            value: "isClass (configFile >> 'CfgPatches' >> 'rhssaf_main')",
                                                                                            span: 1231..1285,
                                                                                        },
                                                                                    ),
                                                                                ],
                                                                                span: 1186..1285,
                                                                            },
                                                                        ),
                                                                        expected_array: true,
                                                                    },
                                                                    Entry {
                                                                        name: Ident {
                                                                            value: "ace_compat_sog",
                                                                            span: 1286..1301,
                                                                        },
                                                                        value: Array(
                                                                            Array {
                                                                                expand: false,
                                                                                items: [
                                                                                    Str(
                                                                                        Str {
                                                                                            value: "ace_compat_sog",
                                                                                            span: 1303..1318,
                                                                                        },
                                                                                    ),
                                                                                    Array(
                                                                                        [
                                                                                            Number(
                                                                                                Int32 {
                                                                                                    value: 3,
                                                                                                    span: 0..4,
                                                                                                },
                                                                                            ),
                                                                                            Number(
                                                                                                Int32 {
                                                                                                    value: 15,
                                                                                                    span: 0..4,
                                                                                                },
                                                                                            ),
                                                                                            Number(
                                                                                                Int32 {
                                                                                                    value: 2,
                                                                                                    span: 0..4,
                                                                                                },
                                                                                            ),
                                                                                            Number(
                                                                                                Int32 {
                                                                                                    value: 69,
                                                                                                    span: 0..4,
                                                                                                },
                                                                                            ),
                                                                                        ],
                                                                                    ),
                                                                                    Str(
                                                                                        Str {
                                                                                            value: "isClass (configFile >> 'CfgPatches' >> 'data_f_vietnam')",
                                                                                            span: 1341..1398,
                                                                                        },
                                                                                    ),
                                                                                ],
                                                                                span: 1301..1398,
                                                                            },
                                                                        ),
                                                                        expected_array: true,
                                                                    },
                                                                    Entry {
                                                                        name: Ident {
                                                                            value: "ace_compat_gm",
                                                                            span: 1399..1413,
                                                                        },
                                                                        value: Array(
                                                                            Array {
                                                                                expand: false,
                                                                                items: [
                                                                                    Str(
                                                                                        Str {
                                                                                            value: "ace_compat_gm",
                                                                                            span: 1415..1429,
                                                                                        },
                                                                                    ),
                                                                                    Array(
                                                                                        [
                                                                                            Number(
                                                                                                Int32 {
                                                                                                    value: 3,
                                                                                                    span: 0..4,
                                                                                                },
                                                                                            ),
                                                                                            Number(
                                                                                                Int32 {
                                                                                                    value: 15,
                                                                                                    span: 0..4,
                                                                                                },
                                                                                            ),
                                                                                            Number(
                                                                                                Int32 {
                                                                                                    value: 2,
                                                                                                    span: 0..4,
                                                                                                },
                                                                                            ),
                                                                                            Number(
                                                                                                Int32 {
                                                                                                    value: 69,
                                                                                                    span: 0..4,
                                                                                                },
                                                                                            ),
                                                                                        ],
                                                                                    ),
                                                                                    Str(
                                                                                        Str {
                                                                                            value: "isClass (configFile >> 'CfgPatches' >> 'gm_core')",
                                                                                            span: 1452..1502,
                                                                                        },
                                                                                    ),
                                                                                ],
                                                                                span: 1413..1502,
                                                                            },
                                                                        ),
                                                                        expected_array: true,
                                                                    },
                                                                ],
                                                                err_missing_braces: false,
                                                            },
                                                        ),
                                                    ],
                                                    err_missing_braces: false,
                                                },
                                            ),
                                        ],
                                        err_missing_braces: false,
                                    },
                                ),
                            ],
                            err_missing_braces: false,
                        },
                    ),
                ],
                err_missing_braces: false,
            },
        ),
        Class(
            Local {
                name: Ident {
                    value: "CfgFactionClasses",
                    span: 65..83,
                },
                parent: None,
                properties: [
                    Class(
                        External {
                            name: Ident {
                                value: "NO_CATEGORY",
                                span: 1509..1521,
                            },
                        },
                    ),
                    Class(
                        Local {
                            name: Ident {
                                value: "ACE",
                                span: 1522..1526,
                            },
                            parent: Some(
                                Ident {
                                    value: "NO_CATEGORY",
                                    span: 1553..1565,
                                },
                            ),
                            properties: [
                                Entry {
                                    name: Ident {
                                        value: "displayName",
                                        span: 1568..1580,
                                    },
                                    value: Str(
                                        Str {
                                            value: "ACE",
                                            span: 1580..1584,
                                        },
                                    ),
                                    expected_array: false,
                                },
                                Entry {
                                    name: Ident {
                                        value: "priority",
                                        span: 1586..1595,
                                    },
                                    value: Number(
                                        Int32 {
                                            value: 2,
                                            span: 0..4,
                                        },
                                    ),
                                    expected_array: false,
                                },
                                Entry {
                                    name: Ident {
                                        value: "side",
                                        span: 1601..1606,
                                    },
                                    value: Number(
                                        Int32 {
                                            value: 7,
                                            span: 0..4,
                                        },
                                    ),
                                    expected_array: false,
                                },
                            ],
                            err_missing_braces: false,
                        },
                    ),
                    Class(
                        Local {
                            name: Ident {
                                value: "ACE_Logistics",
                                span: 1531..1545,
                            },
                            parent: Some(
                                Ident {
                                    value: "ACE",
                                    span: 1614..1618,
                                },
                            ),
                            properties: [
                                Entry {
                                    name: Ident {
                                        value: "displayName",
                                        span: 1621..1633,
                                    },
                                    value: Str(
                                        Str {
                                            value: "$STR_ace_main_Category_Logistics",
                                            span: 1633..1666,
                                        },
                                    ),
                                    expected_array: false,
                                },
                            ],
                            err_missing_braces: false,
                        },
                    ),
                ],
                err_missing_braces: false,
            },
        ),
        Class(
            Local {
                name: Ident {
                    value: "CfgVehicleClasses",
                    span: 88..106,
                },
                parent: None,
                properties: [
                    Class(
                        Local {
                            name: Ident {
                                value: "ACE_Logistics_Items",
                                span: 1673..1693,
                            },
                            parent: None,
                            properties: [
                                Entry {
                                    name: Ident {
                                        value: "displayName",
                                        span: 1705..1717,
                                    },
                                    value: Str(
                                        Str {
                                            value: "$STR_ace_main_Category_Logistics",
                                            span: 1717..1750,
                                        },
                                    ),
                                    expected_array: false,
                                },
                            ],
                            err_missing_braces: false,
                        },
                    ),
                ],
                err_missing_braces: false,
            },
        ),
        Class(
            Local {
                name: Ident {
                    value: "CfgEditorSubcategories",
                    span: 111..134,
                },
                parent: None,
                properties: [
                    Class(
                        Local {
                            name: Ident {
                                value: "ace_main_subcategory",
                                span: 1757..1778,
                            },
                            parent: None,
                            properties: [
                                Entry {
                                    name: Ident {
                                        value: "displayName",
                                        span: 1790..1802,
                                    },
                                    value: Str(
                                        Str {
                                            value: "$STR_ace_main_Category_Logistics",
                                            span: 1802..1835,
                                        },
                                    ),
                                    expected_array: false,
                                },
                            ],
                            err_missing_braces: false,
                        },
                    ),
                ],
                err_missing_braces: false,
            },
        ),
    ],
)
