---
source: libs/config/tests/rapify.rs
expression: config
---
Config(
    [
        Spanned {
            inner: Class(
                Spanned {
                    inner: Local {
                        name: Spanned {
                            inner: Ident(
                                "numbers",
                            ),
                            span: 0..0,
                        },
                        parent: None,
                        properties: [
                            Spanned {
                                inner: Entry {
                                    name: Spanned {
                                        inner: Ident(
                                            "hex",
                                        ),
                                        span: 0..0,
                                    },
                                    value: Spanned {
                                        inner: Number(
                                            Int32(
                                                26,
                                            ),
                                        ),
                                        span: 0..0,
                                    },
                                    expected_array: false,
                                },
                                span: 0..0,
                            },
                            Spanned {
                                inner: Entry {
                                    name: Spanned {
                                        inner: Ident(
                                            "dec",
                                        ),
                                        span: 0..0,
                                    },
                                    value: Spanned {
                                        inner: Number(
                                            Int32(
                                                42,
                                            ),
                                        ),
                                        span: 0..0,
                                    },
                                    expected_array: false,
                                },
                                span: 0..0,
                            },
                            Spanned {
                                inner: Entry {
                                    name: Spanned {
                                        inner: Ident(
                                            "float",
                                        ),
                                        span: 0..0,
                                    },
                                    value: Spanned {
                                        inner: Number(
                                            Float32(
                                                3.14,
                                            ),
                                        ),
                                        span: 0..0,
                                    },
                                    expected_array: false,
                                },
                                span: 0..0,
                            },
                        ],
                        err_missing_braces: false,
                    },
                    span: 0..0,
                },
            ),
            span: 0..0,
        },
    ],
)
