---
source: libs/config/tests/rapify.rs
expression: config.to_string()
---
value[] = {{1}, {2}};
value2[] = {{"test"}, "hello", {"hello", "hello"}};
modes[] = {
    "Single",
    "manual",
    "close",
    "short",
    "medium",
    "far_optic1",
    "far_optic2",
    "ACE_Burst_far"
};
values[] += {1};
