---
source: libs/config/tests/rapify.rs
expression: config.to_string()
---
version = 10;
name = "HEMTT";
points[] = {1, 2, 3};
class test {
    version = 10;
    version = 10;
    name = "HEMTT";
    points[] = {1, 2, 3};
};
class test {
    version = 10;
    version = 10;
    name = "HEMTT";
    points[] = {1, 2, 3};
};
