---
source: libs/config/tests/rapify.rs
expression: config
---
Config(
    [
        Spanned {
            inner: Entry {
                name: Spanned {
                    inner: Ident(
                        "data",
                    ),
                    span: 0..0,
                },
                value: Spanned {
                    inner: Number(
                        Int32(
                            12,
                        ),
                    ),
                    span: 0..0,
                },
                expected_array: false,
            },
            span: 0..0,
        },
    ],
)
