---
source: libs/config/tests/rapify.rs
expression: config
---
Config(
    [
        Spanned {
            inner: Entry {
                name: Spanned {
                    inner: Ident(
                        "value",
                    ),
                    span: 0..0,
                },
                value: Spanned {
                    inner: Array(
                        Array {
                            expand: false,
                            items: Spanned {
                                inner: [
                                    Spanned {
                                        inner: Array(
                                            [
                                                Spanned {
                                                    inner: Number(
                                                        Int32(
                                                            1,
                                                        ),
                                                    ),
                                                    span: 0..0,
                                                },
                                            ],
                                        ),
                                        span: 0..0,
                                    },
                                    Spanned {
                                        inner: Array(
                                            [
                                                Spanned {
                                                    inner: Number(
                                                        Int32(
                                                            2,
                                                        ),
                                                    ),
                                                    span: 0..0,
                                                },
                                            ],
                                        ),
                                        span: 0..0,
                                    },
                                ],
                                span: 0..0,
                            },
                        },
                    ),
                    span: 0..0,
                },
                expected_array: true,
            },
            span: 0..0,
        },
        Spanned {
            inner: Entry {
                name: Spanned {
                    inner: Ident(
                        "value2",
                    ),
                    span: 0..0,
                },
                value: Spanned {
                    inner: Array(
                        Array {
                            expand: false,
                            items: Spanned {
                                inner: [
                                    Spanned {
                                        inner: Array(
                                            [
                                                Spanned {
                                                    inner: Str(
                                                        Str(
                                                            "test",
                                                        ),
                                                    ),
                                                    span: 0..0,
                                                },
                                            ],
                                        ),
                                        span: 0..0,
                                    },
                                    Spanned {
                                        inner: Str(
                                            Str(
                                                "hello",
                                            ),
                                        ),
                                        span: 0..0,
                                    },
                                    Spanned {
                                        inner: Array(
                                            [
                                                Spanned {
                                                    inner: Str(
                                                        Str(
                                                            "hello",
                                                        ),
                                                    ),
                                                    span: 0..0,
                                                },
                                                Spanned {
                                                    inner: Str(
                                                        Str(
                                                            "hello",
                                                        ),
                                                    ),
                                                    span: 0..0,
                                                },
                                            ],
                                        ),
                                        span: 0..0,
                                    },
                                ],
                                span: 0..0,
                            },
                        },
                    ),
                    span: 0..0,
                },
                expected_array: true,
            },
            span: 0..0,
        },
        Spanned {
            inner: Entry {
                name: Spanned {
                    inner: Ident(
                        "modes",
                    ),
                    span: 0..0,
                },
                value: Spanned {
                    inner: Array(
                        Array {
                            expand: false,
                            items: Spanned {
                                inner: [
                                    Spanned {
                                        inner: Str(
                                            Str(
                                                "Single",
                                            ),
                                        ),
                                        span: 0..0,
                                    },
                                    Spanned {
                                        inner: Str(
                                            Str(
                                                "manual",
                                            ),
                                        ),
                                        span: 0..0,
                                    },
                                    Spanned {
                                        inner: Str(
                                            Str(
                                                "close",
                                            ),
                                        ),
                                        span: 0..0,
                                    },
                                    Spanned {
                                        inner: Str(
                                            Str(
                                                "short",
                                            ),
                                        ),
                                        span: 0..0,
                                    },
                                    Spanned {
                                        inner: Str(
                                            Str(
                                                "medium",
                                            ),
                                        ),
                                        span: 0..0,
                                    },
                                    Spanned {
                                        inner: Str(
                                            Str(
                                                "far_optic1",
                                            ),
                                        ),
                                        span: 0..0,
                                    },
                                    Spanned {
                                        inner: Str(
                                            Str(
                                                "far_optic2",
                                            ),
                                        ),
                                        span: 0..0,
                                    },
                                    Spanned {
                                        inner: Str(
                                            Str(
                                                "ACE_Burst_far",
                                            ),
                                        ),
                                        span: 0..0,
                                    },
                                ],
                                span: 0..0,
                            },
                        },
                    ),
                    span: 0..0,
                },
                expected_array: true,
            },
            span: 0..0,
        },
        Spanned {
            inner: Entry {
                name: Spanned {
                    inner: Ident(
                        "values",
                    ),
                    span: 0..0,
                },
                value: Spanned {
                    inner: Array(
                        Array {
                            expand: true,
                            items: Spanned {
                                inner: [
                                    Spanned {
                                        inner: Number(
                                            Int32(
                                                1,
                                            ),
                                        ),
                                        span: 0..0,
                                    },
                                ],
                                span: 0..0,
                            },
                        },
                    ),
                    span: 0..0,
                },
                expected_array: true,
            },
            span: 0..0,
        },
    ],
)
