---
source: libs/config/tests/rapify.rs
expression: rapify(stringify! (join_digit))
---
Config(
    [
        Entry {
            name: Ident {
                value: "data",
                span: 20..25,
            },
            value: Number(
                Int32 {
                    value: 12,
                    span: 0..4,
                },
            ),
            expected_array: false,
        },
    ],
)
