---
source: libs/sqf/tests/inspector.rs
expression: "(issues.len(), issues)"
---
(5, [InvalidArgs { command: "[U:systemChat]", span: 51..61, variant: TypeNotExpected { expected: [String(None)], found: [Number(None)], span: 51..61 } }, Unused("_testC", Assignment(171..177, 180..183), true), InvalidArgs { command: "=", span: 528..562, variant: NilResultUsed { found: [Number(Some(Number(FloatOrd(5.0), 559..560))), Nothing(IfWithoutElse)], span: 552..556 } }, InvalidArgs { command: "[U:str]", span: 575..578, variant: NilResultUsed { found: [Number(Some(Number(FloatOrd(5.0), 559..560))), Nothing(IfWithoutElse)], span: 579..585 } }, InvalidArgs { command: "[B:setVariable]", span: 602..613, variant: NilResultUsed { found: [Array(Some([[(String(Some(String("why", 615..620, DoubleQuote))), 615..620)], [(Nothing(CommandReturn), 622..632)]]), None)], span: 614..642 } }])
