---
source: libs/sqf/tests/inspector.rs
expression: "(issues.len(), issues)"
---
(9, [Undefined("_y", 123..125, false), Undefined("_y", 200..202, false), Undefined("_forEachIndex", 237..250, false), InvalidArgs { command: "[U:toLower]", span: 265..272, variant: TypeNotExpected { expected: [String(None)], found: [Number(None)], span: 265..272 } }, InvalidArgs { command: "[U:toUpper]", span: 305..312, variant: TypeNotExpected { expected: [String(None)], found: [Number(None)], span: 305..312 } }, Undefined("_forEachIndex", 536..549, false), Undefined("_y", 574..576, false), InvalidArgs { command: "[B:forEachReversed]", span: 763..778, variant: TypeNotExpected { expected: [Array(None, None)], found: [HashMap], span: 779..782 } }, InvalidArgs { command: "[U:drawLine3D]", span: 1215..1225, variant: TypeNotExpected { expected: [Array(Some([[(Array(None, Some(PosAGL)), 0..0)]]), None)], found: [Array(Some([[(Boolean(Some(Boolean(false, 1162..1167))), 1227..1235)], [(Anything, 1237..1244)], [(Anything, 1246..1255)]]), None)], span: 1215..1225 } }])
