---
source: libs/sqf/tests/inspector.rs
expression: "(issues.len(), issues)"
---
(7, [InvalidArgs { command: "[U:createHashMapFromArray]", span: 684..706, variant: TypeNotExpected { expected: [Array(None, None)], found: [Object], span: 684..706 } }, InvalidArgs { command: "[U:params]", span: 1050..1056, variant: TypeNotExpected { expected: [String(None), Array(None, None)], found: [Object], span: 1067..1074 } }, InvalidArgs { command: "[U:params]", span: 1077..1083, variant: TypeNotExpected { expected: [Array(None, None)], found: [String(Some(String("", 1099..1101, DoubleQuote)))], span: 1099..1101 } }, InvalidArgs { command: "[U:params]", span: 1105..1111, variant: DefaultDifferentType { expected: [Boolean(None)], found: [Object], span: 1123..1130, default: 1133..1138 } }, Unused("_var1", Params(1058..1065)), Unused("_var2", Params(1086..1093)), Unused("_var3", Params(1114..1121))])
