---
source: libs/sqf/tests/inspector.rs
expression: "(issues.len(), issues)"
---
(5, [InvalidArgs { command: "[U:systemChat]", span: 51..61, variant: TypeNotExpected { expected: [String(None)], found: [Number(None)], span: 51..61 } }, Unused("_testC", Assignment(171..177, 180..183), true), InvalidArgs { command: "=", span: 483..517, variant: NilResultUsed { found: [Nothing(IfWithoutElse)], span: 507..511 } }, InvalidArgs { command: "[U:str]", span: 530..533, variant: NilResultUsed { found: [Nothing(IfWithoutElse)], span: 534..540 } }, InvalidArgs { command: "[B:setVariable]", span: 557..568, variant: NilResultUsed { found: [Array(Some([[(String(Some(String("why", 570..575, DoubleQuote))), 570..575)], [(Nothing(CommandReturn), 577..587)]]), None)], span: 569..597 } }])
