---
source: libs/sqf/tests/lints.rs
expression: "lint(stringify! (s15_shadowed), false)"
---
[0m[1m[38;5;14mhelp[L-S15][0m[1m: Shadowed Var - _z[0m
  [0m[36m┌─[0m s15_shadowed.sqf:2:1
  [0m[36m│[0m
[0m[36m2[0m [0m[36m│[0m [0m[36mprivate _z = 5[0m;
  [0m[36m│[0m [0m[36m^^^^^^^^^^^^^^[0m
