---
source: libs/sqf/tests/lints.rs
expression: "lint(stringify! (s33_min), true).0"
---
[0m[1m[38;5;14mhelp[L-S33-MAX][0m[1m: code can be replaced with `max`[0m
   [0m[36m┌─[0m s33_min.sqf:23:20
   [0m[36m│[0m
[0m[36m23[0m [0m[36m│[0m private _notMin2 = [0m[36mif (_x < _y) then {_y} else {_x[0m};
   [0m[36m│[0m                    [0m[36m^^^^^^^^^^^^^^^^^^^^^^^^^^^^^^^[0m [0m[36muse `max`[0m
   [0m[36m│[0m
   [0m[36m=[0m [32mtry[0m: _x max _y


[0m[1m[38;5;14mhelp[L-S33-MIN][0m[1m: code can be replaced with `min`[0m
  [0m[36m┌─[0m s33_min.sqf:4:17
  [0m[36m│[0m
[0m[36m4[0m [0m[36m│[0m private _min1 = [0m[36mif (_x < _y) then {_x} else {_y[0m};
  [0m[36m│[0m                 [0m[36m^^^^^^^^^^^^^^^^^^^^^^^^^^^^^^^[0m [0m[36muse `min`[0m
  [0m[36m│[0m
  [0m[36m=[0m [32mtry[0m: _x min _y


[0m[1m[38;5;14mhelp[L-S33-MIN][0m[1m: code can be replaced with `min`[0m
  [0m[36m┌─[0m s33_min.sqf:7:17
  [0m[36m│[0m
[0m[36m7[0m [0m[36m│[0m private _min2 = [0m[36mif (_x <= _y) then {_x} else {_y[0m};
  [0m[36m│[0m                 [0m[36m^^^^^^^^^^^^^^^^^^^^^^^^^^^^^^^^[0m [0m[36muse `min`[0m
  [0m[36m│[0m
  [0m[36m=[0m [32mtry[0m: _x min _y


[0m[1m[38;5;14mhelp[L-S33-MIN][0m[1m: code can be replaced with `min`[0m
   [0m[36m┌─[0m s33_min.sqf:10:17
   [0m[36m│[0m
[0m[36m10[0m [0m[36m│[0m private _min3 = [0m[36mif (_x > _y) then {_y} else {_x[0m};
   [0m[36m│[0m                 [0m[36m^^^^^^^^^^^^^^^^^^^^^^^^^^^^^^^[0m [0m[36muse `min`[0m
   [0m[36m│[0m
   [0m[36m=[0m [32mtry[0m: _x min _y


[0m[1m[38;5;14mhelp[L-S33-MIN][0m[1m: code can be replaced with `min`[0m
   [0m[36m┌─[0m s33_min.sqf:13:17
   [0m[36m│[0m
[0m[36m13[0m [0m[36m│[0m private _min4 = [0m[36mif (_x >= _y) then {_y} else {_x[0m};
   [0m[36m│[0m                 [0m[36m^^^^^^^^^^^^^^^^^^^^^^^^^^^^^^^^[0m [0m[36muse `min`[0m
   [0m[36m│[0m
   [0m[36m=[0m [32mtry[0m: _x min _y
