---
source: libs/sqf/tests/lints.rs
expression: lint(stringify! (s17_var_all_caps))
---
[0m[1m[38;5;11mwarning[L-S17][0m[1m: Variable should not be all caps: DO_NOT_EXIST[0m
  [0m[36m┌─[0m s17_var_all_caps.sqf:7:19
  [0m[36m│[0m
[0m[36m7[0m [0m[36m│[0m private _z = _y + [0m[33mDO_NOT_EXIST[0m;
  [0m[36m│[0m                   [0m[33m^^^^^^^^^^^^[0m [0m[33mall caps variable[0m
  [0m[36m│[0m
  [0m[36m=[0m [36mnote[0m: All caps variables are usually reserved for macros


[0m[1m[38;5;11mwarning[L-S17][0m[1m: Variable should not be all caps: TPYO[0m
  [0m[36m┌─[0m s17_var_all_caps.sqf:8:19
  [0m[36m│[0m
[0m[36m8[0m [0m[36m│[0m private _w = _z + [0m[33mTPYO[0m;
  [0m[36m│[0m                   [0m[33m^^^^[0m [0m[33mall caps variable[0m
  [0m[36m│[0m
  [0m[36m=[0m [36mnote[0m: All caps variables are usually reserved for macros
  [0m[36m=[0m [33mhelp[0m: did you mean `TYPO`?


[0m[1m[38;5;11mwarning[L-S17][0m[1m: Variable should not be all caps: UNDEFINED[0m
  [0m[36m┌─[0m s17_var_all_caps.sqf:3:27
  [0m[36m│[0m
[0m[36m3[0m [0m[36m│[0m #define NESTED systemChat [0m[33mUNDEFINED[0m
  [0m[36m│[0m                           [0m[33m^^^^^^^^^[0m [0m[33mall caps variable[0m
  [0m[36m·[0m
[0m[36m9[0m [0m[36m│[0m [0m[33mNESTED[0m;
  [0m[36m│[0m [0m[33m^^^^^^[0m [0m[33mused in macro here[0m
  [0m[36m│[0m
  [0m[36m=[0m [36mnote[0m: All caps variables are usually reserved for macros
