---
source: libs/sqf/tests/optimizer.rs
expression: optimize(stringify! (array_all_positives))
---
Statements {
    content: [
        Expression(
            UnaryCommand(
                Named(
                    "params",
                ),
                ConsumableArray(
                    [
                        String(
                            "_array",
                            10..18,
                            DoubleQuote,
                        ),
                    ],
                    10..18,
                ),
                2..8,
            ),
            2..19,
        ),
        AssignGlobal(
            "a",
            BinaryCommand(
                Named(
                    "vectorAdd",
                ),
                Variable(
                    "_array",
                    25..31,
                ),
                ConsumableArray(
                    [
                        Number(
                            FloatOrd(
                                1.0,
                            ),
                            43..44,
                        ),
                        Number(
                            FloatOrd(
                                2.0,
                            ),
                            45..46,
                        ),
                        Number(
                            FloatOrd(
                                3.0,
                            ),
                            47..48,
                        ),
                    ],
                    43..48,
                ),
                32..41,
            ),
            21..49,
        ),
        AssignGlobal(
            "b",
            UnaryCommand(
                Named(
                    "selectRandom",
                ),
                ConsumableArray(
                    [
                        Number(
                            FloatOrd(
                                1.0,
                            ),
                            69..70,
                        ),
                        Number(
                            FloatOrd(
                                2.0,
                            ),
                            71..72,
                        ),
                        Number(
                            FloatOrd(
                                3.0,
                            ),
                            73..74,
                        ),
                    ],
                    69..74,
                ),
                55..67,
            ),
            51..75,
        ),
        AssignGlobal(
            "c",
            BinaryCommand(
                Named(
                    "findIf",
                ),
                ConsumableArray(
                    [
                        Number(
                            FloatOrd(
                                4.0,
                            ),
                            82..83,
                        ),
                        Number(
                            FloatOrd(
                                5.0,
                            ),
                            84..85,
                        ),
                        Number(
                            FloatOrd(
                                6.0,
                            ),
                            86..87,
                        ),
                    ],
                    82..87,
                ),
                Variable(
                    "code",
                    96..100,
                ),
                89..95,
            ),
            77..100,
        ),
    ],
    source: "\n\nparams [\"_array\"];\na = _array vectorAdd [1,2,3];\nb = selectRandom [1,2,3];\nc = [4,5,6] findIf code;\n",
    span: 2..101,
    issues: [],
}
