---
source: libs/sqf/tests/optimizer.rs
expression: optimize(stringify! (chain))
---
Statements {
    content: [
        Expression(
            BinaryCommand(
                Mul,
                Variable(
                    "aa",
                    1..3,
                ),
                Number(
                    FloatOrd(
                        15.0,
                    ),
                    8..9,
                ),
                8..9,
            ),
            1..11,
        ),
        Expression(
            BinaryCommand(
                Div,
                Variable(
                    "bb",
                    14..16,
                ),
                Number(
                    FloatOrd(
                        0.6,
                    ),
                    21..22,
                ),
                21..22,
            ),
            14..24,
        ),
        Expression(
            BinaryCommand(
                Mul,
                Variable(
                    "cc",
                    27..29,
                ),
                Number(
                    FloatOrd(
                        0.6,
                    ),
                    34..35,
                ),
                34..35,
            ),
            27..37,
        ),
        Expression(
            BinaryCommand(
                Div,
                Variable(
                    "dd",
                    40..42,
                ),
                Number(
                    FloatOrd(
                        15.0,
                    ),
                    47..48,
                ),
                47..48,
            ),
            40..50,
        ),
        Expression(
            BinaryCommand(
                Mul,
                Variable(
                    "ee",
                    54..56,
                ),
                Number(
                    FloatOrd(
                        7.5,
                    ),
                    69..70,
                ),
                69..70,
            ),
            54..72,
        ),
        Expression(
            BinaryCommand(
                Div,
                BinaryCommand(
                    Mul,
                    Number(
                        FloatOrd(
                            12.0,
                        ),
                        76..77,
                    ),
                    Variable(
                        "ff",
                        82..84,
                    ),
                    80..81,
                ),
                Number(
                    FloatOrd(
                        30.0,
                    ),
                    89..90,
                ),
                89..90,
            ),
            74..92,
        ),
        Expression(
            BinaryCommand(
                Div,
                BinaryCommand(
                    Mul,
                    Variable(
                        "gg",
                        95..97,
                    ),
                    Number(
                        FloatOrd(
                            1.0,
                        ),
                        100..101,
                    ),
                    98..99,
                ),
                Number(
                    FloatOrd(
                        0.0,
                    ),
                    104..105,
                ),
                102..103,
            ),
            95..105,
        ),
        Expression(
            BinaryCommand(
                Add,
                Variable(
                    "mm",
                    110..112,
                ),
                Number(
                    FloatOrd(
                        50.0,
                    ),
                    118..119,
                ),
                118..119,
            ),
            110..122,
        ),
        Expression(
            BinaryCommand(
                Add,
                Variable(
                    "nn",
                    124..126,
                ),
                Number(
                    FloatOrd(
                        -10.0,
                    ),
                    132..133,
                ),
                132..133,
            ),
            124..136,
        ),
        Expression(
            BinaryCommand(
                Sub,
                Variable(
                    "oo",
                    138..140,
                ),
                Number(
                    FloatOrd(
                        -10.0,
                    ),
                    146..147,
                ),
                146..147,
            ),
            138..150,
        ),
        Expression(
            BinaryCommand(
                Sub,
                Variable(
                    "pp",
                    152..154,
                ),
                Number(
                    FloatOrd(
                        50.0,
                    ),
                    160..161,
                ),
                160..161,
            ),
            152..164,
        ),
        Expression(
            BinaryCommand(
                Sub,
                BinaryCommand(
                    Mul,
                    Variable(
                        "zz",
                        167..169,
                    ),
                    Number(
                        FloatOrd(
                            6.0,
                        ),
                        172..173,
                    ),
                    170..171,
                ),
                Number(
                    FloatOrd(
                        7.0,
                    ),
                    176..177,
                ),
                174..175,
            ),
            167..177,
        ),
    ],
    source: "\naa * 3 * 5; \nbb / 3 * 5; \ncc * 3 / 5; \ndd / 3 / 5; \n\nee * 2 * 3 / 4 * 5;\n3 * 4 * ff / 5 / 6;\n\ngg * 1 / 0;\n\n\n\nmm + 20 + 30;\nnn + 20 - 30;\noo - 20 + 30;\npp - 20 - 30;\n\nzz * 6 - 7;\n",
    span: 1..178,
    issues: [],
}
