---
source: libs/sqf/tests/optimizer.rs
expression: optimize(stringify! (select))
---
Statements {
    content: [
        Expression(
            BinaryCommand(
                Named(
                    "select",
                ),
                ConsumeableArray(
                    [
                        Number(
                            FloatOrd(
                                1.0,
                            ),
                            1..2,
                        ),
                        Number(
                            FloatOrd(
                                2.0,
                            ),
                            3..4,
                        ),
                        Number(
                            FloatOrd(
                                3.0,
                            ),
                            5..6,
                        ),
                        Number(
                            FloatOrd(
                                4.0,
                            ),
                            7..8,
                        ),
                        Number(
                            FloatOrd(
                                5.0,
                            ),
                            9..10,
                        ),
                    ],
                    1..10,
                ),
                Variable(
                    "x",
                    19..20,
                ),
                12..18,
            ),
            0..20,
        ),
        Expression(
            BinaryCommand(
                Named(
                    "select",
                ),
                Variable(
                    "something",
                    29..38,
                ),
                ConsumeableArray(
                    [
                        Number(
                            FloatOrd(
                                2.0,
                            ),
                            47..48,
                        ),
                        Number(
                            FloatOrd(
                                3.0,
                            ),
                            49..50,
                        ),
                    ],
                    47..50,
                ),
                39..45,
            ),
            29..51,
        ),
        Expression(
            BinaryCommand(
                Named(
                    "select",
                ),
                UnaryCommand(
                    Plus,
                    ConsumeableArray(
                        [
                            Array(
                                [
                                    Number(
                                        FloatOrd(
                                            -1.0,
                                        ),
                                        60..61,
                                    ),
                                ],
                                60..62,
                            ),
                            Array(
                                [
                                    Number(
                                        FloatOrd(
                                            1.0,
                                        ),
                                        66..67,
                                    ),
                                ],
                                66..67,
                            ),
                        ],
                        59..68,
                    ),
                    59..68,
                ),
                Variable(
                    "z",
                    77..78,
                ),
                70..76,
            ),
            58..78,
        ),
    ],
    source: "[1,2,3,4,5] select x;       \nsomething select [2,3];     \n[[-1], [1]] select z;       \n",
    span: 0..79,
    issues: [],
}
