---
source: libs/sqf/tests/simple.rs
expression: sqfc
---
[
    1,
    0,
    0,
    0,
    5,
    18,
    0,
    0,
    0,
    2,
    35,
    3,
    0,
    1,
    0,
    0,
    97,
    1,
    0,
    0,
    43,
    5,
    0,
    0,
    118,
    97,
    108,
    117,
    101,
    17,
    0,
    0,
    1,
    83,
    0,
    0,
    0,
    2,
    0,
    22,
    3,
    0,
    1,
    1,
    0,
    0,
    49,
    1,
    25,
    0,
    0,
    112,
    114,
    105,
    118,
    97,
    116,
    101,
    32,
    118,
    97,
    108,
    117,
    101,
    32,
    61,
    32,
    97,
    32,
    43,
    32,
    34,
    49,
    34,
    59,
    10,
    0,
    1,
    0,
    0,
    133,
    0,
    5,
    118,
    0,
    7,
    16,
    119,
    0,
    1,
    0,
    0,
    120,
    2,
    0,
    2,
    3,
    18,
    0,
    0,
    0,
    0,
    1,
    0,
    1,
    0,
    6,
    0,
    0,
    0,
    0,
    0,
    1,
    0,
    2,
    0,
    17,
    0,
    0,
    2,
    1,
    0,
    12,
    0,
    0,
    47,
    111,
    110,
    101,
    108,
    105,
    110,
    101,
    46,
    115,
    113,
    102,
    3,
    2,
    0,
    0,
    0,
    0,
    0,
    0,
    0,
]
