---
source: libs/sqf/tests/simple.rs
expression: sqfc
---
[
    1,
    0,
    0,
    0,
    5,
    167,
    0,
    0,
    0,
    2,
    0,
    38,
    18,
    0,
    6,
    0,
    0,
    112,
    97,
    114,
    97,
    109,
    115,
    5,
    0,
    0,
    95,
    97,
    114,
    103,
    49,
    8,
    0,
    0,
    116,
    121,
    112,
    101,
    110,
    97,
    109,
    101,
    2,
    0,
    0,
    61,
    61,
    2,
    0,
    0,
    105,
    102,
    6,
    0,
    0,
    101,
    121,
    101,
    112,
    111,
    115,
    4,
    0,
    0,
    116,
    104,
    101,
    110,
    208,
    5,
    11,
    50,
    10,
    0,
    0,
    95,
    112,
    111,
    115,
    105,
    116,
    105,
    111,
    110,
    49,
    42,
    48,
    0,
    0,
    26,
    50,
    8,
    0,
    0,
    100,
    105,
    115,
    116,
    97,
    110,
    99,
    101,
    1,
    0,
    0,
    47,
    1,
    0,
    0,
    94,
    11,
    0,
    0,
    95,
    109,
    117,
    108,
    116,
    105,
    112,
    108,
    105,
    101,
    114,
    8,
    0,
    0,
    95,
    105,
    103,
    110,
    111,
    114,
    101,
    105,
    14,
    95,
    168,
    1,
    0,
    5,
    50,
    15,
    0,
    0,
    99,
    104,
    101,
    99,
    107,
    118,
    105,
    115,
    105,
    98,
    105,
    108,
    105,
    116,
    121,
    1,
    0,
    0,
    42,
    17,
    0,
    0,
    1,
    118,
    4,
    0,
    0,
    2,
    11,
    16,
    0,
    1,
    5,
    0,
    0,
    95,
    97,
    114,
    103,
    49,
    1,
    5,
    0,
    128,
    1,
    0,
    9,
    50,
    1,
    6,
    0,
    0,
    79,
    66,
    74,
    69,
    67,
    84,
    0,
    96,
    0,
    0,
    0,
    29,
    0,
    0,
    128,
    6,
    0,
    0,
    0,
    0,
    7,
    112,
    116,
    0,
    3,
    2,
    0,
    1,
    0,
    2,
    105,
    164,
    1,
    1,
    5,
    0,
    7,
    119,
    167,
    1,
    1,
    0,
    8,
    207,
    2,
    2,
    0,
    5,
    117,
    6,
    0,
    126,
    4,
    0,
    168,
    43,
    253,
    0,
    184,
    108,
    5,
    3,
    3,
    0,
    7,
    0,
    2,
    177,
    164,
    1,
    1,
    5,
    0,
    7,
    191,
    167,
    1,
    7,
    0,
    8,
    207,
    2,
    2,
    0,
    5,
    117,
    6,
    0,
    124,
    4,
    0,
    20,
    1,
    10,
    0,
    0,
    95,
    112,
    111,
    115,
    105,
    116,
    105,
    111,
    110,
    49,
    1,
    8,
    0,
    0,
    95,
    105,
    103,
    110,
    111,
    114,
    101,
    49,
    5,
    7,
    0,
    0,
    111,
    98,
    106,
    110,
    117,
    108,
    108,
    1,
    42,
    145,
    0,
    50,
    41,
    144,
    0,
    0,
    49,
    50,
    2,
    0,
    0,
    128,
    63,
    2,
    0,
    0,
    0,
    64,
    2,
    0,
    0,
    200,
    66,
    1,
    4,
    0,
    0,
    86,
    73,
    69,
    87,
    1,
    210,
    1,
    0,
    35,
    108,
    105,
    110,
    101,
    32,
    49,
    32,
    34,
    92,
    103,
    101,
    116,
    95,
    118,
    105,
    115,
    105,
    98,
    105,
    108,
    105,
    116,
    121,
    46,
    115,
    113,
    102,
    34,
    10,
    112,
    97,
    114,
    97,
    109,
    115,
    32,
    91,
    34,
    128,
    35,
    1,
    34,
    44,
    32,
    34,
    96,
    1,
    15,
    50,
    34,
    93,
    59,
    10,
    105,
    102,
    32,
    40,
    116,
    121,
    112,
    101,
    78,
    97,
    109,
    101,
    32,
    116,
    2,
    3,
    49,
    32,
    61,
    61,
    32,
    34,
    188,
    37,
    6,
    34,
    41,
    32,
    116,
    104,
    101,
    110,
    32,
    123,
    228,
    3,
    5,
    32,
    91,
    101,
    121,
    101,
    80,
    111,
    115,
    189,
    1,
    44,
    187,
    0,
    93,
    32,
    125,
    49,
    29,
    1,
    50,
    55,
    31,
    1,
    50,
    32,
    61,
    43,
    29,
    1,
    50,
    189,
    8,
    50,
    156,
    8,
    168,
    16,
    40,
    192,
    2,
    39,
    182,
    4,
    34,
    44,
    124,
    23,
    216,
    37,
    11,
    34,
    44,
    32,
    111,
    98,
    106,
    78,
    117,
    108,
    108,
    93,
    93,
    59,
    10,
    110,
    6,
    50,
    32,
    48,
    205,
    0,
    50,
    42,
    204,
    0,
    112,
    1,
    41,
    204,
    0,
    0,
    16,
    10,
    112,
    114,
    105,
    118,
    97,
    116,
    101,
    32,
    95,
    109,
    117,
    108,
    116,
    105,
    112,
    108,
    105,
    101,
    114,
    32,
    61,
    32,
    49,
    32,
    47,
    32,
    40,
    50,
    32,
    94,
    32,
    40,
    40,
    40,
    160,
    6,
    7,
    32,
    100,
    105,
    115,
    116,
    97,
    110,
    99,
    101,
    32,
    39,
    76,
    0,
    11,
    50,
    41,
    32,
    47,
    32,
    49,
    48,
    48,
    41,
    41,
    59,
    10,
    40,
    91,
    247,
    56,
    44,
    32,
    34,
    99,
    50,
    34,
    44,
    32,
    196,
    2,
    7,
    50,
    93,
    32,
    99,
    104,
    101,
    99,
    107,
    86,
    105,
    226,
    50,
    32,
    91,
    39,
    14,
    1,
    49,
    44,
    41,
    60,
    1,
    1,
    93,
    41,
    32,
    42,
    42,
    47,
    2,
    10,
    0,
    14,
    100,
    73,
    1,
    0,
    0,
    0,
    59,
    124,
    0,
    4,
    1,
    0,
    0,
    1,
    1,
    0,
    8,
    104,
    1,
    4,
    0,
    0,
    0,
    2,
    0,
    2,
    30,
    105,
    1,
    1,
    114,
    0,
    7,
    70,
    116,
    0,
    122,
    83,
    2,
    61,
    164,
    1,
    4,
    2,
    0,
    1,
    2,
    0,
    3,
    76,
    176,
    1,
    1,
    3,
    0,
    2,
    57,
    164,
    1,
    4,
    4,
    0,
    1,
    3,
    0,
    3,
    89,
    176,
    1,
    2,
    6,
    0,
    0,
    7,
    142,
    104,
    1,
    126,
    82,
    2,
    133,
    164,
    1,
    161,
    7,
    148,
    176,
    1,
    1,
    3,
    0,
    2,
    129,
    164,
    1,
    4,
    4,
    0,
    1,
    4,
    0,
    3,
    161,
    176,
    1,
    97,
    7,
    201,
    104,
    1,
    9,
    4,
    0,
    1,
    0,
    1,
    5,
    0,
    1,
    6,
    0,
    1,
    7,
    41,
    100,
    2,
    40,
    142,
    2,
    3,
    207,
    184,
    4,
    105,
    109,
    253,
    104,
    1,
    6,
    5,
    0,
    7,
    0,
    1,
    8,
    0,
    1,
    9,
    55,
    197,
    0,
    3,
    101,
    26,
    5,
    108,
    5,
    5,
    1,
    10,
    0,
    1,
    11,
    0,
    7,
    83,
    96,
    2,
    122,
    11,
    7,
    103,
    164,
    1,
    1,
    9,
    0,
    3,
    94,
    164,
    1,
    4,
    10,
    0,
    1,
    12,
    0,
    3,
    115,
    176,
    1,
    1,
    11,
    0,
    3,
    79,
    164,
    1,
    1,
    12,
    0,
    3,
    74,
    164,
    1,
    1,
    11,
    0,
    6,
    50,
    164,
    1,
    2,
    13,
    0,
    0,
    7,
    126,
    104,
    1,
    6,
    8,
    0,
    14,
    0,
    1,
    13,
    0,
    7,
    144,
    179,
    1,
    15,
    0,
    8,
    216,
    2,
    1,
    3,
    0,
    7,
    171,
    172,
    2,
    1,
    8,
    0,
    7,
    183,
    167,
    1,
    9,
    0,
    8,
    204,
    2,
    1,
    2,
    0,
    3,
    154,
    172,
    2,
    0,
    4,
    16,
    0,
    7,
    198,
    1,
    0,
    0,
    0,
    8,
    0,
    13,
    0,
    3,
    196,
    1,
    0,
    0,
    0,
    8,
    0,
    17,
    0,
    17,
    0,
    0,
    2,
    1,
    0,
    19,
    0,
    0,
    47,
    103,
    101,
    116,
    95,
    118,
    105,
    115,
    105,
    98,
    105,
    108,
    105,
    116,
    121,
    46,
    115,
    113,
    102,
    3,
    15,
    0,
    0,
    0,
    0,
    0,
    0,
    0,
]
